
Memory Configuration

Name             Origin             Length             Attributes
FLASH            0x08000000         0x00010000         xr
SRAM             0x20000000         0x00005000         xrw
*default*        0x00000000         0xffffffff

Linker script and memory map

LOAD App_main.o
LOAD Stm32f4_startup.o

.text           0x08000000      0x1e4
 *(.isr_vector)
 .isr_vector    0x08000000      0x130 Stm32f4_startup.o
                0x08000000                Vectors
 *(.text)
 .text          0x08000130       0x20 App_main.o
                0x08000130                main
 .text          0x08000150       0x94 Stm32f4_startup.o
                0x08000150                Reset_Handler
                0x080001dc                TIM8_TRG_COM_IRQHandler
                0x080001dc                TIM8_CC_IRQHandler
                0x080001dc                DebugMon_Handler
                0x080001dc                TIM1_CC_IRQHandler
                0x080001dc                HardFault_Handler
                0x080001dc                SysTick_Handler
                0x080001dc                PVD_IRQHandler
                0x080001dc                SDIO_IRQHandler
                0x080001dc                TAMP_STAMP_IRQHandler
                0x080001dc                PendSV_Handler
                0x080001dc                NMI_Handler
                0x080001dc                EXTI3_IRQHandler
                0x080001dc                TIM1_UP_TIM10_IRQHandler
                0x080001dc                USB_HP_CAN_TX_IRQHandler
                0x080001dc                EXTI0_IRQHandler
                0x080001dc                I2C2_EV_IRQHandler
                0x080001dc                UsageFault_Handler
                0x080001dc                ADC1_2_IRQHandler
                0x080001dc                SPI1_IRQHandler
                0x080001dc                TIM6_DAC_IRQHandler
                0x080001dc                TIM1_BRK_TIM9_IRQHandler
                0x080001dc                TIM8_UP_IRQHandler
                0x080001dc                DMA2_Channel2_IRQHandler
                0x080001dc                DMA1_Channel4_IRQHandler
                0x080001dc                TIM1_TRG_COM_TIM11_IRQHandl
                0x080001dc                USART3_IRQHandler
                0x080001dc                DMA1_Channel7_IRQHandler
                0x080001dc                EXTI2_IRQHandler
                0x080001dc                CAN1_RX1_IRQHandler
                0x080001dc                UART5_IRQHandler
                0x080001dc                ADC3_IRQHandler
                0x080001dc                TIM4_IRQHandler
                0x080001dc                DMA2_Channel1_IRQHandler
                0x080001dc                I2C1_EV_IRQHandler
                0x080001dc                DMA1_Channel6_IRQHandler
                0x080001dc                UART4_IRQHandler
                0x080001dc                TIM3_IRQHandler
                0x080001dc                RCC_IRQHandler
                0x080001dc                DMA1_Channel1_IRQHandler
                0x080001dc                Default_Handler
                0x080001dc                EXTI15_10_IRQHandler
                0x080001dc                TIM7_IRQHandler
                0x080001dc                TIM5_IRQHandler
                0x080001dc                EXTI9_5_IRQHandler
                0x080001dc                RTC_WKUP_IRQHandler
                0x080001dc                SPI2_IRQHandler
                0x080001dc                USB_LP_CAN_RX0_IRQHandler
                0x080001dc                MemManage_Handler
                0x080001dc                SVC_Handler
                0x080001dc                DMA1_Channel5_IRQHandler
                0x080001dc                EXTI4_IRQHandler
                0x080001dc                DMA1_Channel3_IRQHandler
                0x080001dc                FSMC_IRQHandler
                0x080001dc                WWDG_IRQHandler
                0x080001dc                TIM2_IRQHandler
                0x080001dc                EXTI1_IRQHandler
                0x080001dc                RTCAlarm_IRQHandler
                0x080001dc                DMA2_Channel4_5_IRQHandler
                0x080001dc                USART2_IRQHandler
                0x080001dc                I2C2_ER_IRQHandler
                0x080001dc                DMA1_Channel2_IRQHandler
                0x080001dc                TIM8_BRK_IRQHandler
                0x080001dc                CAN1_SCE_IRQHandler
                0x080001dc                FLASH_IRQHandler
                0x080001dc                BusFault_Handler
                0x080001dc                USART1_IRQHandler
                0x080001dc                SPI3_IRQHandler
                0x080001dc                I2C1_ER_IRQHandler
                0x080001dc                DMA2_Channel3_IRQHandler
 *(.rodata)
                0x080001e4                . = ALIGN (0x4)
                0x080001e4                _etext = .
                [!provide]                PROVIDE (_intconstarr_base_address = 0x1)

.glue_7         0x080001e4        0x0
 .glue_7        0x080001e4        0x0 linker stubs

.glue_7t        0x080001e4        0x0
 .glue_7t       0x080001e4        0x0 linker stubs

.vfp11_veneer   0x080001e4        0x0
 .vfp11_veneer  0x080001e4        0x0 linker stubs

.v4_bx          0x080001e4        0x0
 .v4_bx         0x080001e4        0x0 linker stubs

.iplt           0x080001e4        0x0
 .iplt          0x080001e4        0x0 Stm32f4_startup.o

.sprints        0x00001000       0x10
 *(.intconstarr)
 .sprints       0x00001000       0x10 App_main.o
                0x00001000                test

.rel.dyn        0x00001010        0x0
 .rel.iplt      0x00001010        0x0 Stm32f4_startup.o

.data           0x20000000        0x4 load address 0x00001010
                0x20000000                _sdata = .
 *(.data)
 .data          0x20000000        0x4 App_main.o
                0x20000000                u18InitGlobalVar
 .data          0x20000004        0x0 Stm32f4_startup.o
                0x20000004                _edata = .

.igot.plt       0x20000004        0x0 load address 0x00001014
 .igot.plt      0x20000004        0x0 Stm32f4_startup.o

.bss            0x20000004        0x0 load address 0x00001014
                0x20000004                _sbss = .
 *(.bss)
 .bss           0x20000004        0x0 App_main.o
 .bss           0x20000004        0x0 Stm32f4_startup.o
                0x20000004                _ebss = .
OUTPUT(final.elf elf32-littlearm)
LOAD linker stubs

.comment        0x00000000       0x49
 .comment       0x00000000       0x49 App_main.o
                                 0x4a (size before relaxing)
 .comment       0x00000049       0x4a Stm32f4_startup.o

.ARM.attributes
                0x00000000       0x2e
 .ARM.attributes
                0x00000000       0x2e App_main.o
 .ARM.attributes
                0x0000002e       0x2e Stm32f4_startup.o
